src/App.tsx(3,1): error TS6133: 'testSdImage' is declared but its value is never read.
